// Jest Snapshot v1, https://goo.gl/fbAQLP

exports[`ArticlePrice should render 1`] = `
<div>
  <div
    class="text-gray-600"
  >
    <span
      class="font-semibold text-red-600"
      data-testid="final-price"
    >
      90,00 €
    </span>
    <span
      class="ml-4 text-sm line-through"
      data-testid="regular-price"
    >
      100,00 €
    </span>
    <span
      class="px-1 py-1 ml-2 text-sm text-white bg-red-500 rounded-lg"
      data-testid="discount-percent"
    >
      -
      10
      %
    </span>
  </div>
</div>
`;
