// Jest Snapshot v1, https://goo.gl/fbAQLP

exports[`CategorySidebarLink should render 1`] = `
<div>
  <a
    class="decoration-0 px-6 py-2 text-sm font-semibold text-gray-800 hover:bg-slate-200 block duration-75 transition-all !text-[#7047eb]"
    href="/test-link"
  >
    test link
  </a>
</div>
`;
