// Jest Snapshot v1, https://goo.gl/fbAQLP

exports[`useSearchBox should render 1`] = `
Object {
  "error": undefined,
  "handleSearchChange": [Function],
  "handleSearchSubmit": [Function],
  "initialSearchText": "",
  "loading": false,
  "searchSuggestions": Array [],
  "setShowSuggestions": [Function],
  "showSuggestions": false,
}
`;

exports[`useSearchBox should return initial search text from current url 1`] = `
Object {
  "error": undefined,
  "handleSearchChange": [Function],
  "handleSearchSubmit": [Function],
  "initialSearchText": "",
  "loading": false,
  "searchSuggestions": Array [],
  "setShowSuggestions": [Function],
  "showSuggestions": false,
}
`;
