// Jest Snapshot v1, https://goo.gl/fbAQLP

exports[`Components Atoms AddToCartButton should render 1`] = `
<div>
  <button
    class="block w-full p-2 mt-2 text-center text-gray-600 bg-white border border-solid rounded cursor-pointer border-coral-200 hover:border-coral-600 hover:bg-coral-600 hover:text-white"
  >
    Add To Cart
  </button>
</div>
`;
